
> to_do_project@0.1.0 build
> next build

node.exe : 
[baseline-browser-mapping] The 
data in this module is over two 
months old.  To ensure accurate 
Baseline data, please update: 
`npm i 
baseline-browser-mapping@latest 
-D`
At line:1 char:1
+ & "C:\Program 
Files\nodejs/node.exe" 
"C:\Program Files\nodejs/node_mo 
...
+ ~~~~~~~~~~~~~~~~~~~~~~~~~~~~~~~
~~~~~~~~~~~~~~~~~~~~~~~~~~~~~~~~~
~~~~~
    + CategoryInfo          : No 
   tSpecified: ([baseline-brows  
  ...ping@latest -D`:String) [   
 ], RemoteException
    + FullyQualifiedErrorId : Na 
   tiveCommandError
 
   Γû▓ Next.js 16.0.10 (Turbopack)
   - Environments: .env

   Creating an optimized production build ...
[baseline-browser-mapping] The 
data in this module is over two 
months old.  To ensure accurate 
Baseline data, please update: 
`npm i 
baseline-browser-mapping@latest 
-D`
 Γ£ô Compiled successfully in 4.0s
   Running TypeScript ...
   Collecting page data using 11 workers ...
[baseline-browser-mapping] The 
data in this module is over two 
months old.  To ensure accurate 
Baseline data, please update: 
`npm i 
baseline-browser-mapping@latest 
-D`
[baseline-browser-mapping] The 
data in this module is over two 
months old.  To ensure accurate 
Baseline data, please update: 
`npm i 
baseline-browser-mapping@latest 
-D`
[baseline-browser-mapping] The 
data in this module is over two 
months old.  To ensure accurate 
Baseline data, please update: 
`npm i 
baseline-browser-mapping@latest 
-D`
[baseline-browser-mapping] The 
data in this module is over two 
months old.  To ensure accurate 
Baseline data, please update: 
`npm i 
baseline-browser-mapping@latest 
-D`
[baseline-browser-mapping] The 
data in this module is over two 
months old.  To ensure accurate 
Baseline data, please update: 
`npm i 
baseline-browser-mapping@latest 
-D`
[baseline-browser-mapping] The 
data in this module is over two 
months old.  To ensure accurate 
Baseline data, please update: 
`npm i 
baseline-browser-mapping@latest 
-D`
[baseline-browser-mapping] The 
data in this module is over two 
months old.  To ensure accurate 
Baseline data, please update: 
`npm i 
baseline-browser-mapping@latest 
-D`
[baseline-browser-mapping] The 
data in this module is over two 
months old.  To ensure accurate 
Baseline data, please update: 
`npm i 
baseline-browser-mapping@latest 
-D`
[baseline-browser-mapping] The 
data in this module is over two 
months old.  To ensure accurate 
Baseline data, please update: 
`npm i 
baseline-browser-mapping@latest 
-D`
[baseline-browser-mapping] The 
data in this module is over two 
months old.  To ensure accurate 
Baseline data, please update: 
`npm i 
baseline-browser-mapping@latest 
-D`
[baseline-browser-mapping] The 
data in this module is over two 
months old.  To ensure accurate 
Baseline data, please update: 
`npm i 
baseline-browser-mapping@latest 
-D`
   Generating static pages using 11 workers (0/11) ...
[baseline-browser-mapping] The 
data in this module is over two 
months old.  To ensure accurate 
Baseline data, please update: 
`npm i 
baseline-browser-mapping@latest 
-D`
   Generating static pages using 11 workers (2/11) 
   Generating static pages using 11 workers (5/11) 
Error occurred prerendering page 
"/admin/add_project". Read more: 
https://nextjs.org/docs/messages/
prerender-error
Error [DriverAdapterError]: pool 
timeout: failed to retrieve a 
connection from pool after 
10011ms
    (pool connections: active=0 
idle=0 limit=5)
    at _.onError 
(C:\Academics\DU\Semester 6\AWT\P
roject_Awt\to_do_project\.next\se
rver\chunks\ssr\[root-of-the-serv
er]__9061f678._.js:17:34262)
    at _.performIO 
(C:\Academics\DU\Semester 6\AWT\P
roject_Awt\to_do_project\.next\se
rver\chunks\ssr\[root-of-the-serv
er]__9061f678._.js:17:34203)
    at async _.queryRaw 
(C:\Academics\DU\Semester 6\AWT\P
roject_Awt\to_do_project\.next\se
rver\chunks\ssr\[root-of-the-serv
er]__9061f678._.js:17:32448) {
  clientVersion: '7.1.0',
  digest: '1185102427',
  [cause]: [Object]
}
Export encountered an error on 
/admin/add_project/page: 
/admin/add_project, exiting the 
build.
 Γ¿» Next.js build worker exited 
with code: 1 and signal: null
